// Jest Snapshot v1, https://goo.gl/fbAQLP

exports[`should load Kubernetes objects 1`] = `
"[
  IoK8sApiCoreV1Pod {
    apiVersion: 'v1',
    kind: 'Pod',
    metadata: { name: 'test-pod' }
  }
]"
`;
