// Jest Snapshot v1, https://goo.gl/fbAQLP

exports[`should load JSON file 1`] = `"{ namespace: 'dev' }"`;
