// Jest Snapshot v1, https://goo.gl/fbAQLP

exports[`should import ts files 1`] = `
"---
metadata:
  name: nginx
spec:
  replicas: 1
  selector:
    matchLabels:
      app: nginx
  template:
    metadata:
      labels:
        app: nginx
    spec:
      containers:
        - name: nginx
          image: nginx
apiVersion: apps/v1
kind: Deployment
---
metadata:
  name: nginx
spec:
  selector:
    app: nginx
  ports:
    - port: 80
apiVersion: v1
kind: Service"
`;
