// Jest Snapshot v1, https://goo.gl/fbAQLP

exports[`should print the error 1`] = `
"
[1mcomponents/foo.js[22m - [31mâœ– 1[39m

  Kind: v1/Pod, Name: foo
    [31mâœ–[39m /spec must have required property 'containers'

[31merror[39m - Generate failed (Total [31mâœ– 1[39m)"
`;
