// Jest Snapshot v1, https://goo.gl/fbAQLP

exports[`when validate is false should print the manifest 1`] = `
"apiVersion: v1
kind: Pod
metadata:
  name: foo
spec: {}"
`;
