// Jest Snapshot v1, https://goo.gl/fbAQLP

exports[`loadConfig when file exists should load the config 1`] = `
Object {
  "baseEnvironment": "m",
  "components": Array [
    "b",
    "c",
  ],
  "environments": Object {
    "dev": Object {
      "components": Array [
        "f",
        "g",
      ],
      "require": Array [
        "d",
        "e",
      ],
    },
    "prod": Object {
      "components": Array [
        "i",
        "j",
      ],
      "require": Array [
        "h",
      ],
    },
  },
  "extensions": Array [
    "js",
    "json",
  ],
  "paths": Object {
    "environment": Object {
      "component": "l",
      "global": "k",
    },
  },
  "require": Array [
    "a",
  ],
}
`;

exports[`searchConfig succeed when config is at kosko.toml should load the config 1`] = `
Object {
  "baseEnvironment": "m",
  "components": Array [
    "b",
    "c",
  ],
  "environments": Object {
    "dev": Object {
      "components": Array [
        "f",
        "g",
      ],
      "require": Array [
        "d",
        "e",
      ],
    },
    "prod": Object {
      "components": Array [
        "i",
        "j",
      ],
      "require": Array [
        "h",
      ],
    },
  },
  "extensions": Array [
    "js",
    "json",
  ],
  "paths": Object {
    "environment": Object {
      "component": "l",
      "global": "k",
    },
  },
  "require": Array [
    "a",
  ],
}
`;
