// Jest Snapshot v1, https://goo.gl/fbAQLP

exports[`should import ESM files 1`] = `
"apiVersion: v1
kind: Pod
metadata:
  name: test-pod"
`;
