// Jest Snapshot v1, https://goo.gl/fbAQLP

exports[`when bail is not set should print the error 1`] = `
"
[1mcomponents/foo.js[22m - [31mâœ– 1[39m

  Kind: v1/Pod, Name: foo, Index: [0]
    [31mâœ–[39m /spec must have required property 'containers'

[1mcomponents/nginx.js[22m - [31mâœ– 4[39m

  Kind: apps/v1/Deployment, Name: nginx, Index: [0]
    [31mâœ–[39m /spec must have required property 'selector'
    [31mâœ–[39m /spec must have required property 'template'
  Kind: v1/Service, Name: nginx, Index: [1]
    [31mâœ–[39m /spec/ports/0/port must be integer
    [31mâœ–[39m /spec/type must be equal to one of the allowed values: ["ClusterIP","ExternalName","LoadBalancer","NodePort"]

[31merror[39m - Generate failed (Total [31mâœ– 5[39m)"
`;

exports[`when bail is true should print the error 1`] = `
"
[1mcomponents/foo.js[22m - [31mâœ– 1[39m

  Kind: v1/Pod, Name: foo, Index: [0]
    [31mâœ–[39m /spec must have required property 'containers'

[1mcomponents/nginx.js[22m - [31mâœ– 1[39m

  Kind: apps/v1/Deployment, Name: nginx, Index: [0]
    [31mâœ–[39m /spec must have required property 'selector'

[31merror[39m - Generate failed (Total [31mâœ– 2[39m)"
`;
