// Jest Snapshot v1, https://goo.gl/fbAQLP

exports[`when multiple plugins are specified should transform manifests 1`] = `
"apiVersion: v1
kind: ConfigMap
metadata:
  name: test
  labels:
    a: '1'
  annotations:
    b: '2'"
`;

exports[`when plugin is a CJS file should transform manifests 1`] = `
"apiVersion: v1
kind: ConfigMap
metadata:
  name: test
  namespace: foo"
`;

exports[`when plugin is a CJS package should transform manifests 1`] = `
"apiVersion: v1
kind: ConfigMap
metadata:
  name: test
  namespace: foo"
`;

exports[`when plugin is a ESM file should transform manifests 1`] = `
"apiVersion: v1
kind: ConfigMap
metadata:
  name: test
  namespace: foo"
`;

exports[`when plugin is a ESM package should transform manifests 1`] = `
"apiVersion: v1
kind: ConfigMap
metadata:
  name: test
  namespace: foo"
`;

exports[`when plugin is a TS file should transform manifests 1`] = `
"apiVersion: v1
kind: ConfigMap
metadata:
  name: test
  namespace: foo"
`;

exports[`when plugin is a directory should transform manifests 1`] = `
"apiVersion: v1
kind: ConfigMap
metadata:
  name: test
  namespace: foo"
`;

exports[`when validateAllManifests reports a error should throw an error 1`] = `
"
[4mcomponents/pod.js[24m - v1/ConfigMap test

[31mâœ– Test error message[39m

[31merror[39m - Found 1 error in total
[31merror[39m - Generate failed"
`;

exports[`when validateAllManifests reports a warning should not throw an error 1`] = `
"apiVersion: v1
kind: ConfigMap
metadata:
  name: test"
`;

exports[`when validateAllManifests reports a warning should not throw an error 2`] = `
"
[4mcomponents/pod.js[24m - v1/ConfigMap test

[33mâš  Test warning message[39m

[33mwarn [39m - Found 1 warning in total"
`;

exports[`when validateManifest reports a error should throw an error 1`] = `
"
[4mcomponents/pod.js[24m - v1/ConfigMap test

[31mâœ– Test error message[39m

[31merror[39m - Found 1 error in total
[31merror[39m - Generate failed"
`;

exports[`when validateManifest reports a warning should not throw an error 1`] = `
"apiVersion: v1
kind: ConfigMap
metadata:
  name: test"
`;

exports[`when validateManifest reports a warning should not throw an error 2`] = `
"
[4mcomponents/pod.js[24m - v1/ConfigMap test

[33mâš  Test warning message[39m

[33mwarn [39m - Found 1 warning in total"
`;

exports[`when validateManifest reports multiple issues should throw an error 1`] = `
"
[4mcomponents/pod.js[24m - v1/ConfigMap test

[33mâš  Test warning 1[39m

[31mâœ– Test error 1[39m

[33mâš  Test warning 2[39m

[31merror[39m - Found 1 error and 2 warnings in total
[31merror[39m - Generate failed"
`;
